15:45:05 **** Incremental Build of configuration Debug for project button_handling ****
make -j4 all 
arm-none-eabi-gcc "../Core/Src/stm32f4xx_it.c" -mcpu=cortex-m4 -std=gnu11 -g3 -DDEBUG -DUSE_HAL_DRIVER -DSTM32F407xx -c -I../Core/Inc -I../Drivers/STM32F4xx_HAL_Driver/Inc -I../Drivers/STM32F4xx_HAL_Driver/Inc/Legacy -I../Drivers/CMSIS/Device/ST/STM32F4xx/Include -I../Drivers/CMSIS/Include -O0 -ffunction-sections -fdata-sections -Wall -fstack-usage -MMD -MP -MF"Core/Src/stm32f4xx_it.d" -MT"Core/Src/stm32f4xx_it.o" --specs=nano.specs -mfloat-abi=soft -mthumb -o "Core/Src/stm32f4xx_it.o"
arm-none-eabi-gcc -o "button_handling.elf" @"objects.list"   -mcpu=cortex-m4 -T"/home/kali/STM32CubeIDE/workspace_1.11.0/button_handling/STM32F407VGTX_FLASH.ld" --specs=nosys.specs -Wl,-Map="button_handling.map" -Wl,--gc-sections -static --specs=nano.specs -mfloat-abi=soft -mthumb -Wl,--start-group -lc -lm -Wl,--end-group
Finished building target: button_handling.elf
 
arm-none-eabi-size   button_handling.elf 
arm-none-eabi-objdump -h -S  button_handling.elf  > "button_handling.list"
   text	   data	    bss	    dec	    hex	filename
   6348	     20	   1572	   7940	   1f04	button_handling.elf
Finished building: default.size.stdout
 
Finished building: button_handling.list
 

15:45:06 Build Finished. 0 errors, 0 warnings. (took 751ms)

